Locating project layout...
Loading bundled AARs...
Extracting build tools from assets...
  extracted android.jar (27092450 bytes)
  extracted core-lambda-stubs.jar (18159 bytes)
  extracted ecj_full.jar (1316724 bytes)
  extracted ecj_res.zip (64508 bytes)
  extracted d8.zip (3503241 bytes)
  extracted apksigner-full.jar (407823 bytes)
  extracted keys/mykey.pk8 (1218 bytes)
  extracted keys/mykey.x509.pem (1066 bytes)
Compiling resources (aapt2 compile)...
$ aapt2 compile --dir /storage/emulated/0/kotitest/fuckass/res -o /data/user/0/com.fahim.myide/files/build_area/app_res_flat/res_2012824352
Extracting AAR libraries...
Linking resources (aapt2 link)...
$ aapt2 link -I /data/user/0/com.fahim.myide/files/android.jar --manifest /data/user/0/com.fahim.myide/files/build_area/AndroidManifest.xml --java /data/user/0/com.fahim.myide/files/build_area/gen --min-sdk-version 24 --target-sdk-version 29 --auto-add-overlay --no-version-vectors -o /data/user/0/com.fahim.myide/files/build_area/app-unsigned.apk /data/user/0/com.fahim.myide/files/build_area/app_res_flat/res_2012824352/drawable_ic_launcher.xml.flat /data/user/0/com.fahim.myide/files/build_area/app_res_flat/res_2012824352/layout_main.xml.flat /data/user/0/com.fahim.myide/files/build_area/app_res_flat/res_2012824352/values_strings.arsc.flat
Kotlin files detected (mode=local)
Kotlin stdlib: kotlin-stdlib.jar (616319 bytes)
kotlinc: kotlin-compiler-embeddable.jar (17027473 bytes)
Loading kotlinc (embeddable)...
Compiling 1 Kotlin file(s)...
kotlin-home: /data/user/0/com.fahim.myide/files/kotlin-home
kotlinc error:
InvocationTargetException: null
ExceptionInInitializerError: null
IllegalStateException: No BuiltInsLoader implementation was found. Please ensure that the META-INF/services/ is not stripped from your application and that the Java virtual machine is not running under a security manager

Kotlin LOCAL compile failed: RuntimeException: kotlinc: InvocationTargetException: null
ExceptionInInitializerError: null
IllegalStateException: No BuiltInsLoader implementation was found. Please ensure that the META-INF/services/ is not stripped from your application and that the Java virtual machine is not running under a security manager

InvocationTargetException: null
ExceptionInInitializerError: null
IllegalStateException: No BuiltInsLoader implementation was found. Please ensure that the META-INF/services/ is not stripped from your application and that the Java virtual machine is not running under a security manager

Compiling Java (ECJ)...
Dexing (D8)...
D8 error: InvocationTargetException: null
RuntimeException: com.android.tools.r8.CompilationFailedException: Compilation failed to complete
CompilationFailedException: Compilation failed to complete
jf: Dex file with version '38' cannot be used with min sdk level 'N'.

--- stdout ---

--- stderr ---
Error: com.android.tools.r8.internal.jf: Dex file with version '38' cannot be used with min sdk level 'N'.
Compilation failed

ERROR: RuntimeException: D8 error: InvocationTargetException: null
RuntimeException: com.android.tools.r8.CompilationFailedException: Compilation failed to complete
CompilationFailedException: Compilation failed to complete
jf: Dex file with version '38' cannot be used with min sdk level 'N'.

--- stdout ---

--- stderr ---
Error: com.android.tools.r8.internal.jf: Dex file with version '38' cannot be used with min sdk level 'N'.
Compilation failed


